---
source: src/tui.rs
assertion_line: 3701
---
┌ Columns · 3 ─────────────┐┌ Query · 12 ms ───────────────────────────────────────────────────────┐
│▶   id  BIGINT            ││.co                                                                   │
│    country  VARCHAR      ││   ┌ .co · 1 match┐                                                   │
│    revenue  DOUBLE       ││   │country       │                                                   │
│                          ││   └──────────────┘                                                   │
│                          │└──────────────────────────────────────────────────────────────────────┘
│                          │┌ Data · 3 of 3 rows shown ────────────────────────────────────────────┐
│                          ││country  revenue                                                      │
│                          ││US        100.50                                                      │
│                          ││DE         85.00                                                      │
│                          ││JP         63.20                                                      │
│                          ││                                                                      │
│                          ││                                                                      │
│                          ││                                                                      │
│                          ││                                                                      │
└──────────────────────────┘│                                                                      │
┌ Filters · 0 ─────────────┐│                                                                      │
│(none — type `where .col =││                                                                      │
│                          ││                                                                      │
│                          ││                                                                      │
│                          ││                                                                      │
│                          ││                                                                      │
└──────────────────────────┘└──────────────────────────────────────────────────────────────────────┘
 ↑↓ pick · ⏎/Tab insert · Esc cancel · keep typing to filter
