---
source: src/tui.rs
assertion_line: 3827
---
┌ Columns · 3 ─────────────┐┌ Query · ⚠ parse: unknown column .nope ───────────────────────────────┐
│▶ ★ id  BIGINT            ││.nope                                                                 │
│    country  VARCHAR      ││                                                                      │
│    revenue  DOUBLE       ││                                                                      │
│                          ││                                                                      │
│                          │└──────────────────────────────────────────────────────────────────────┘
│                          │┌ Data · 0 rows ───────────────────────────────────────────────────────┐
│                          ││error:                                                                │
│                          ││  parse: unknown column .nope                                         │
│                          ││                                                                      │
│                          ││                                                                      │
│                          ││                                                                      │
│                          ││                                                                      │
│                          ││                                                                      │
│                          ││                                                                      │
└──────────────────────────┘│                                                                      │
┌ Filters · 0 ─────────────┐│                                                                      │
│(none — type `where .col =││                                                                      │
│                          ││                                                                      │
│                          ││                                                                      │
│                          ││                                                                      │
│                          ││                                                                      │
└──────────────────────────┘└──────────────────────────────────────────────────────────────────────┘
 Tab next │ ␣ toggle │ ⏎ append/drill │ ⌫ undo │ Q exit+print │ Esc quit │ : SQL │ e Explain │ E ANA
